// Jest Snapshot v1, https://goo.gl/fbAQLP

exports[`<AddTask /> page component snapshot 1`] = `
<div>
  <div
    className="ui grid"
  >
    <div
      className="sixteen wide column"
    >
      <h2
        className="ui header"
      >
        Propose
      </h2>
      <p
        style={
          Object {
            "fontSize": "1.3rem",
          }
        }
      >
        DID holders can propose new work
      </p>
    </div>
    <div
      className="one column row"
      style={
        Object {
          "paddingTop": "0px",
        }
      }
    >
      <div
        className="column"
      >
        <form
          action={undefined}
          className="ui form"
          onSubmit={[Function]}
        >
          <div
            className="field"
          >
            <div
              className="react-autosuggest__container"
            >
              <input
                aria-activedescendant={null}
                aria-autocomplete="list"
                aria-expanded={false}
                aria-haspopup={false}
                aria-owns="react-autowhatever-1"
                autoComplete="off"
                className="react-autosuggest__input"
                onBlur={[Function]}
                onChange={[Function]}
                onFocus={[Function]}
                onKeyDown={[Function]}
                placeholder="Select from existing issues"
                role="combobox"
                type="text"
                value=""
              />
              <div
                className="react-autosuggest__suggestions-container"
                id="react-autowhatever-1"
              />
            </div>
          </div>
        </form>
      </div>
    </div>
    <div
      className="one column row"
      style={
        Object {
          "paddingTop": "0px",
        }
      }
    >
      <div
        className="eight wide column"
      >
        <form
          action={undefined}
          className="ui form"
          onSubmit={[Function]}
        >
          <div
            className="field"
          >
            <div
              aria-busy={undefined}
              aria-disabled={undefined}
              aria-expanded={false}
              className="ui fluid multiple search selection scrolling dropdown"
              onBlur={[Function]}
              onChange={[Function]}
              onClick={[Function]}
              onFocus={[Function]}
              onMouseDown={[Function]}
              role="combobox"
              tabIndex={undefined}
            >
              <input
                aria-autocomplete="list"
                autoComplete="off"
                className="search"
                onChange={[Function]}
                style={
                  Object {
                    "width": undefined,
                  }
                }
                tabIndex={0}
                type="text"
                value=""
              />
              <span
                className="sizer"
              />
              <div
                aria-live="polite"
                className="default text"
                role="alert"
              >
                Tags
              </div>
              <i
                aria-hidden="true"
                className="dropdown icon"
                onClick={[Function]}
              />
              <div
                aria-multiselectable={true}
                className="menu transition"
                role="listbox"
              >
                <div
                  aria-checked={false}
                  aria-disabled={undefined}
                  aria-selected={true}
                  className="selected item"
                  num="0"
                  onClick={[Function]}
                  role="option"
                  style={
                    Object {
                      "pointerEvents": "all",
                    }
                  }
                >
                  <span
                    className="text"
                  >
                    Solidity
                  </span>
                </div>
                <div
                  aria-checked={false}
                  aria-disabled={undefined}
                  aria-selected={false}
                  className="item"
                  num="1"
                  onClick={[Function]}
                  role="option"
                  style={
                    Object {
                      "pointerEvents": "all",
                    }
                  }
                >
                  <span
                    className="text"
                  >
                    DApp Proposal
                  </span>
                </div>
                <div
                  aria-checked={false}
                  aria-disabled={undefined}
                  aria-selected={false}
                  className="item"
                  num="2"
                  onClick={[Function]}
                  role="option"
                  style={
                    Object {
                      "pointerEvents": "all",
                    }
                  }
                >
                  <span
                    className="text"
                  >
                    Design
                  </span>
                </div>
                <div
                  aria-checked={false}
                  aria-disabled={undefined}
                  aria-selected={false}
                  className="item"
                  num="3"
                  onClick={[Function]}
                  role="option"
                  style={
                    Object {
                      "pointerEvents": "all",
                    }
                  }
                >
                  <span
                    className="text"
                  >
                    React
                  </span>
                </div>
                <div
                  aria-checked={false}
                  aria-disabled={undefined}
                  aria-selected={false}
                  className="item"
                  num="4"
                  onClick={[Function]}
                  role="option"
                  style={
                    Object {
                      "pointerEvents": "all",
                    }
                  }
                >
                  <span
                    className="text"
                  >
                    Governance
                  </span>
                </div>
                <div
                  aria-checked={false}
                  aria-disabled={undefined}
                  aria-selected={false}
                  className="item"
                  num="5"
                  onClick={[Function]}
                  role="option"
                  style={
                    Object {
                      "pointerEvents": "all",
                    }
                  }
                >
                  <span
                    className="text"
                  >
                    Parameters
                  </span>
                </div>
                <div
                  aria-checked={false}
                  aria-disabled={undefined}
                  aria-selected={false}
                  className="item"
                  num="6"
                  onClick={[Function]}
                  role="option"
                  style={
                    Object {
                      "pointerEvents": "all",
                    }
                  }
                >
                  <span
                    className="text"
                  >
                    Redux
                  </span>
                </div>
                <div
                  aria-checked={false}
                  aria-disabled={undefined}
                  aria-selected={false}
                  className="item"
                  num="7"
                  onClick={[Function]}
                  role="option"
                  style={
                    Object {
                      "pointerEvents": "all",
                    }
                  }
                >
                  <span
                    className="text"
                  >
                    React
                  </span>
                </div>
                <div
                  aria-checked={false}
                  aria-disabled={undefined}
                  aria-selected={false}
                  className="item"
                  num="8"
                  onClick={[Function]}
                  role="option"
                  style={
                    Object {
                      "pointerEvents": "all",
                    }
                  }
                >
                  <span
                    className="text"
                  >
                    Text
                  </span>
                </div>
              </div>
            </div>
          </div>
          <button
            className="ui green large button"
            disabled={undefined}
            onClick={[Function]}
            role="button"
            tabIndex={undefined}
            type="submit"
          >
            Submit
          </button>
        </form>
      </div>
    </div>
    <div
      className="row"
    >
      <div
        className="sixteen wide column"
      >
        <div
          className="ui message"
        >
          <div
            className="header"
          >
            Info
          </div>
          <div
            className="ui bulleted list"
            role="list"
          >
            <div
              className="item"
              data-value={undefined}
              onClick={[Function]}
              role="listitem"
            >
              Select your task.
            </div>
            <div
              className="item"
              data-value={undefined}
              onClick={[Function]}
              role="listitem"
            >
              Select the appropriate tags.
            </div>
            <div
              className="item"
              data-value={undefined}
              onClick={[Function]}
              role="listitem"
            >
              You must own at least 
              1001
               DID to propose. This number changes according to the
               
              <a
                href="/parameters"
                onClick={[Function]}
              >
                proposalPctDIDToApprove
              </a>
               
              parameter.
            </div>
            <div
              className="item"
              data-value={undefined}
              onClick={[Function]}
              role="listitem"
            >
              You can propose anything, it doesn't necessarily have to be
               
              <em>
                work
              </em>
              .
            </div>
            <div
              className="item"
              data-value={undefined}
              onClick={[Function]}
              role="listitem"
            >
              Remember that when you propose, it is likely that DID will be issued for the completion of the task. The fewer DID the better.
            </div>
          </div>
        </div>
      </div>
    </div>
  </div>
  <style
    global={true}
    jsx={true}
  >
    
          .react-autosuggest__suggestions-list {
            list-style-type: none;
          }

          .ui.form {
            font-size: 1.2rem;
          }

          .suggestion-content {
            display: flex;
            align-items: center;
            background-repeat: no-repeat;
          }

          .react-autosuggest__suggestion--highlighted {
            background-color: lightgray;
          }

          .dropdown .menu .item {
            line-height: 2rem !important;
            font-size: 1.2rem !important;
          }

          .bold {
            font-weight: 900;
            font-size: 22px;
          }

          .react-autosuggest__input {
            font-family: 'Inconsolata', -apple-system, BlinkMacSystemFont,
              sans-serif !important;
          }
          .react-autosuggest__suggestion {
            font-family: 'Inconsolata', -apple-system, BlinkMacSystemFont,
              sans-serif;
            border: 1px solid darkgray;
            border-radius: 3px 3px 3px 3px;
            -moz-border-radius: 3px 3px 3px 3px;
            -webkit-border-radius: 3px 3px 3px 3px;
            line-height: 2.8rem;
            margin-left: -38px;
            padding: 2px 10px;
          }

          .error-red {
            border: 2px solid red !important;
            background-color: lightcoral !important;
          }
        
  </style>
</div>
`;
