// Jest Snapshot v1, https://goo.gl/fbAQLP

exports[`<AddTask /> page component snapshot 1`] = `
<div>
  <div
    className="ui grid"
  >
    <div
      className="sixteen wide column"
    >
      <h2
        className="ui header"
      >
        Propose
      </h2>
      <p
        style={
          Object {
            "fontSize": "1.3rem",
          }
        }
      >
        DID holders can propose new work
      </p>
    </div>
    <div
      className="two column row"
      style={
        Object {
          "paddingTop": "0px",
        }
      }
    >
      <div
        className="column"
      >
        <form
          action={undefined}
          className="ui form"
          onSubmit={[Function]}
        >
          <div
            className="field"
          >
            <div
              className="ui input"
            >
              <input
                disabled={undefined}
                onChange={[Function]}
                placeholder="Github Issue Number"
                tabIndex={undefined}
                type="text"
                value=""
              />
            </div>
          </div>
          <div
            className="field"
          >
            <div
              className="ui input"
            >
              <input
                disabled={undefined}
                name="title"
                onChange={[Function]}
                placeholder="Title (<70 chars)"
                tabIndex={undefined}
                type="text"
                value=""
              />
            </div>
          </div>
          <button
            className="ui green large button"
            disabled={undefined}
            onClick={[Function]}
            role="button"
            tabIndex={undefined}
            type="submit"
          >
            Submit
          </button>
        </form>
      </div>
      <div
        className="eight wide column"
      >
        <form
          action={undefined}
          className="ui form"
          onSubmit={[Function]}
        >
          <div
            className="field"
          >
            <div
              aria-busy={undefined}
              aria-disabled={undefined}
              aria-expanded={false}
              className="ui fluid multiple search selection scrolling dropdown"
              onBlur={[Function]}
              onChange={[Function]}
              onClick={[Function]}
              onFocus={[Function]}
              onMouseDown={[Function]}
              role="combobox"
              tabIndex={undefined}
            >
              <input
                aria-autocomplete="list"
                autoComplete="off"
                className="search"
                onChange={[Function]}
                style={
                  Object {
                    "width": undefined,
                  }
                }
                tabIndex={0}
                type="text"
                value=""
              />
              <span
                className="sizer"
              />
              <div
                aria-live="polite"
                className="default text"
                role="alert"
              >
                Tags
              </div>
              <i
                aria-hidden="true"
                className="dropdown icon"
                onClick={[Function]}
              />
              <div
                aria-multiselectable={true}
                className="menu transition"
                role="listbox"
              >
                <div
                  aria-checked={false}
                  aria-disabled={undefined}
                  aria-selected={true}
                  className="selected item"
                  num="0"
                  onClick={[Function]}
                  role="option"
                  style={
                    Object {
                      "pointerEvents": "all",
                    }
                  }
                >
                  <span
                    className="text"
                  >
                    Contracts
                  </span>
                </div>
                <div
                  aria-checked={false}
                  aria-disabled={undefined}
                  aria-selected={false}
                  className="item"
                  num="1"
                  onClick={[Function]}
                  role="option"
                  style={
                    Object {
                      "pointerEvents": "all",
                    }
                  }
                >
                  <span
                    className="text"
                  >
                    DApp Proposal
                  </span>
                </div>
                <div
                  aria-checked={false}
                  aria-disabled={undefined}
                  aria-selected={false}
                  className="item"
                  num="2"
                  onClick={[Function]}
                  role="option"
                  style={
                    Object {
                      "pointerEvents": "all",
                    }
                  }
                >
                  <span
                    className="text"
                  >
                    Design
                  </span>
                </div>
                <div
                  aria-checked={false}
                  aria-disabled={undefined}
                  aria-selected={false}
                  className="item"
                  num="3"
                  onClick={[Function]}
                  role="option"
                  style={
                    Object {
                      "pointerEvents": "all",
                    }
                  }
                >
                  <span
                    className="text"
                  >
                    Frontend
                  </span>
                </div>
                <div
                  aria-checked={false}
                  aria-disabled={undefined}
                  aria-selected={false}
                  className="item"
                  num="4"
                  onClick={[Function]}
                  role="option"
                  style={
                    Object {
                      "pointerEvents": "all",
                    }
                  }
                >
                  <span
                    className="text"
                  >
                    Governance
                  </span>
                </div>
                <div
                  aria-checked={false}
                  aria-disabled={undefined}
                  aria-selected={false}
                  className="item"
                  num="5"
                  onClick={[Function]}
                  role="option"
                  style={
                    Object {
                      "pointerEvents": "all",
                    }
                  }
                >
                  <span
                    className="text"
                  >
                    Parameters
                  </span>
                </div>
                <div
                  aria-checked={false}
                  aria-disabled={undefined}
                  aria-selected={false}
                  className="item"
                  num="6"
                  onClick={[Function]}
                  role="option"
                  style={
                    Object {
                      "pointerEvents": "all",
                    }
                  }
                >
                  <span
                    className="text"
                  >
                    Planning
                  </span>
                </div>
                <div
                  aria-checked={false}
                  aria-disabled={undefined}
                  aria-selected={false}
                  className="item"
                  num="7"
                  onClick={[Function]}
                  role="option"
                  style={
                    Object {
                      "pointerEvents": "all",
                    }
                  }
                >
                  <span
                    className="text"
                  >
                    React
                  </span>
                </div>
                <div
                  aria-checked={false}
                  aria-disabled={undefined}
                  aria-selected={false}
                  className="item"
                  num="8"
                  onClick={[Function]}
                  role="option"
                  style={
                    Object {
                      "pointerEvents": "all",
                    }
                  }
                >
                  <span
                    className="text"
                  >
                    Security
                  </span>
                </div>
              </div>
            </div>
          </div>
          <div
            className="field"
          >
            <div
              aria-busy={undefined}
              aria-disabled={undefined}
              aria-expanded={false}
              className="ui fluid search selection scrolling dropdown"
              onBlur={[Function]}
              onChange={[Function]}
              onClick={[Function]}
              onFocus={[Function]}
              onMouseDown={[Function]}
              role="combobox"
              tabIndex={undefined}
            >
              <input
                aria-autocomplete="list"
                autoComplete="off"
                className="search"
                onChange={[Function]}
                style={
                  Object {
                    "width": undefined,
                  }
                }
                tabIndex={0}
                type="text"
                value=""
              />
              <div
                aria-live="polite"
                className="default text"
                role="alert"
              >
                Repo
              </div>
              <i
                aria-hidden="true"
                className="dropdown icon"
                onClick={[Function]}
              />
              <div
                aria-multiselectable={undefined}
                className="menu transition"
                role="listbox"
              >
                <div
                  aria-checked={false}
                  aria-disabled={undefined}
                  aria-selected={true}
                  className="selected item"
                  onClick={[Function]}
                  role="option"
                  style={
                    Object {
                      "pointerEvents": "all",
                    }
                  }
                >
                  <span
                    className="text"
                  >
                    UI
                  </span>
                </div>
                <div
                  aria-checked={false}
                  aria-disabled={undefined}
                  aria-selected={false}
                  className="item"
                  onClick={[Function]}
                  role="option"
                  style={
                    Object {
                      "pointerEvents": "all",
                    }
                  }
                >
                  <span
                    className="text"
                  >
                    Contracts
                  </span>
                </div>
              </div>
            </div>
          </div>
        </form>
      </div>
    </div>
    <div
      className="row"
    >
      <div
        className="sixteen wide column"
      >
        <div
          className="ui message"
        >
          <div
            className="header"
          >
            Rules
          </div>
          <div
            className="ui bulleted list"
            role="list"
          >
            <div
              className="item"
              data-value={undefined}
              onClick={[Function]}
              role="listitem"
            >
              You must own at least 
              120
               DID to propose. This number changes according to the
               
              <a
                href="/parameters"
                onClick={[Function]}
              >
                proposalPctDIDToApprove
              </a>
               
              parameter
            </div>
            <div
              className="item"
              data-value={undefined}
              onClick={[Function]}
              role="listitem"
            >
              Your proposal can be anything, it doesn't necessarily have to be 
              <em>
                work
              </em>
              .
            </div>
            <div
              className="item"
              data-value={undefined}
              onClick={[Function]}
              role="listitem"
            >
              Remember that when you propose, it is likely that DID will be issued for the completion of the task. The fewer DID the better.
            </div>
          </div>
        </div>
      </div>
    </div>
    <div
      className="row"
    >
      <div
        className="eight wide column"
      >
        <div
          className="ui message"
        >
          <div
            className="header"
          >
            Github Issue Number
          </div>
          <div
            className="ui bulleted list"
            role="list"
          >
            <div
              className="item"
              data-value={undefined}
              onClick={[Function]}
              role="listitem"
            >
              Create an issue in the appropriate Github repository to determine the Github issue number
            </div>
            <div
              className="item"
              data-value={undefined}
              onClick={[Function]}
              role="listitem"
            >
              Your proposal can be anything, it doesn't necessarily have to be 
              <em>
                work
              </em>
              .
            </div>
            <div
              className="item"
              data-value={undefined}
              onClick={[Function]}
              role="listitem"
            >
              Discussion will happen on Github in the issue you create
            </div>
          </div>
        </div>
      </div>
      <div
        className="eight wide column"
      >
        <div
          className="ui message"
        >
          <div
            className="header"
          >
            Title
          </div>
          <div
            className="ui bulleted list"
            role="list"
          >
            <div
              className="item"
              data-value={undefined}
              onClick={[Function]}
              role="listitem"
            >
              Enter the title of your task/proposal
            </div>
            <div
              className="item"
              data-value={undefined}
              onClick={[Function]}
              role="listitem"
            >
              Limit the length of the title: the more characters the more gas it will cost you
            </div>
            <div
              className="item"
              data-value={undefined}
              onClick={[Function]}
              role="listitem"
            >
              Example: 'Build this amazing new dapp that will change the world'
            </div>
            <div
              className="item"
              data-value={undefined}
              onClick={[Function]}
              role="listitem"
            >
              People will like you more if you enter the same exact title as your Github issue
            </div>
          </div>
        </div>
      </div>
    </div>
    <div
      className="row"
    >
      <div
        className="eight wide column"
      >
        <div
          className="ui message"
        >
          <div
            className="header"
          >
            Tags
          </div>
          <div
            className="ui bulleted list"
            role="list"
          >
            <div
              className="item"
              data-value={undefined}
              onClick={[Function]}
              role="listitem"
            >
              Select the category of proposal you're making
            </div>
            <div
              className="item"
              data-value={undefined}
              onClick={[Function]}
              role="listitem"
            >
              Examples are: 'contracts', 'frontend', 'governance'
            </div>
          </div>
        </div>
      </div>
      <div
        className="eight wide column"
      >
        <div
          className="ui message"
        >
          <div
            className="header"
          >
            Repo
          </div>
          <div
            className="ui bulleted list"
            role="list"
          >
            <div
              className="item"
              data-value={undefined}
              onClick={[Function]}
              role="listitem"
            >
              Choose the one that best fits
            </div>
          </div>
        </div>
      </div>
    </div>
  </div>
</div>
`;
