// Jest Snapshot v1, https://goo.gl/fbAQLP

exports[`<Exchange /> page component snapshot 1`] = `
<div>
  <div
    className="ui grid"
  >
    <div
      className="sixteen wide column"
    >
      <h2
        className="ui header"
      >
        Exchange
      </h2>
      <p
        style={
          Object {
            "fontSize": "1.3rem",
          }
        }
      >
        DID holders may exchange their DID into ether or vice versa
      </p>
    </div>
    <div
      className="two column row"
      style={
        Object {
          "paddingTop": "0px",
        }
      }
    >
      <div
        className="eight wide column"
      >
        <form
          action={undefined}
          className="ui form"
          onSubmit={[Function]}
        >
          <div
            className="field"
          >
            <div
              className="ui input"
            >
              <input
                disabled={undefined}
                onChange={[Function]}
                placeholder="receive ether, give up DID"
                tabIndex={undefined}
                type="text"
                value=""
              />
            </div>
          </div>
          <button
            className="ui green large basic button"
            disabled={undefined}
            onClick={[Function]}
            role="button"
            tabIndex={undefined}
            type="submit"
          >
            Exchange DID for ether
          </button>
        </form>
        <div
          className="ui message"
        >
          <div
            className="header"
          >
            Exchange DID For Ether
          </div>
          <div
            className="ui bulleted list"
            role="list"
          >
            <div
              className="item"
              data-value={undefined}
              onClick={[Function]}
              role="listitem"
            >
              You may exchange your DID for ether.
            </div>
            <div
              className="item"
              data-value={undefined}
              onClick={[Function]}
              role="listitem"
            >
              With the current Ethereum coinbase account you are logged in with, you may exchange 
              executive
               DID
            </div>
            <div
              className="item"
              data-value={undefined}
              onClick={[Function]}
              role="listitem"
            >
              This option is available because not everyone can work solely for equity, unfortunately. We understand.
            </div>
            <div
              className="item"
              data-value={undefined}
              onClick={[Function]}
              role="listitem"
            >
              The current exchange rate is 1000 DID per ether. This rate may be voted on in the
               
              <a
                href="/parameters"
                onClick={[Function]}
              >
                parameters
              </a>
               page
            </div>
            <div
              className="item"
              data-value={undefined}
              onClick={[Function]}
              role="listitem"
            >
              You are relinquishing Distense voting rights by exchanging your DID for ether.
            </div>
            <div
              className="item"
              data-value={undefined}
              onClick={[Function]}
              role="listitem"
            >
              This is a permanent, non-reversible, undoable, final action. There is no one who can undo this.
            </div>
          </div>
        </div>
      </div>
      <div
        className="eight wide column"
      >
        <form
          action={undefined}
          className="ui form"
          onSubmit={[Function]}
        >
          <div
            className="field"
          >
            <div
              className="ui input"
            >
              <input
                disabled={undefined}
                name="title"
                onChange={[Function]}
                placeholder="receive DID, give up ether"
                tabIndex={undefined}
                type="text"
                value=""
              />
            </div>
          </div>
          <button
            className="ui green large basic button"
            disabled={undefined}
            onClick={[Function]}
            role="button"
            tabIndex={undefined}
            type="submit"
          >
            Invest ether for DID
          </button>
        </form>
        <div
          className="ui message"
        >
          <div
            className="header"
          >
            Invest Ether for DID
          </div>
          <div
            className="ui bulleted list"
            role="list"
          >
            <div
              className="item"
              data-value={undefined}
              onClick={[Function]}
              role="listitem"
            >
              You may exchange ether only to the extent you have contributed to Distense. I.e, according to the number of DID you 
              <em>
                continue
              </em>
               to own
            </div>
            <div
              className="item"
              data-value={undefined}
              onClick={[Function]}
              role="listitem"
            >
              DID have a very high chance of being worthless. DID are not traded on any exchange and are non-transferable. Lots has to happen for DID to be worth anything.
            </div>
            <div
              className="item"
              data-value={undefined}
              onClick={[Function]}
              role="listitem"
            >
              If you are idealistically aligned with Distense, have a super long-term timeframe in mind, then maybe, just maybe, you should consider giving up your precious ether for DID.
            </div>
            <div
              className="item"
              data-value={undefined}
              onClick={[Function]}
              role="listitem"
            >
              This is a permanent, non-reversible, undoable, final action. There is no one who can undo this.
            </div>
          </div>
        </div>
      </div>
    </div>
    <div
      className="row"
    />
  </div>
</div>
`;
