// Jest Snapshot v1, https://goo.gl/fbAQLP

exports[`<PageTitling /> snapshot 1`] = `
<div
  className="sixteen wide column"
>
  <h2
    className="ui header"
  >
    Title
  </h2>
  <p
    className="pagetitling-subtitle"
  >
    Subtitle
  </p>
  <style
    jsx={true}
  >
    
        .pagetitling-subtitle {
          font-size: 1.3rem;
        }
      
  </style>
</div>
`;
